---
source: src/common.rs
expression: x
---
"./testing/foo/bar"
