---
source: src/common.rs
expression: x
---
Category(
    [
        "maths",
        "calculus",
    ],
)
