---
source: src/common.rs
expression: folders
---
[
    Category(
        [
            "history",
        ],
    ),
    Category(
        [
            "maths",
        ],
    ),
    Category(
        [
            "maths",
            "calculus",
        ],
    ),
]
