---
source: src/common.rs
expression: joined
---
"foo/bar"
